============================================================
HS Code Dataset Embedding Script (FAISS)
============================================================

[1/4] Loading dataset from: C:\Users\rdpj1\Desktop\hs code search engine\HS code search engine\all_chapters_extracted.csv
  Loaded 9963 rows with columns: ['section', 'hscode', 'description', 'parent', 'level', 'datetime_extracted']

[2/4] Preparing documents...
  Prepared 9963 documents (0 skipped)

[3/4] Embedding 9963 documents...
  Model: all-MiniLM-L6-v2
  Device: cpu
  This may take 10-20 minutes on CPU. Be patient!

  [256/9963] 11.1s elapsed, ~420s remaining
  [512/9963] 25.4s elapsed, ~469s remaining
  [768/9963] 30.2s elapsed, ~361s remaining
  [1024/9963] 35.5s elapsed, ~310s remaining
  [1280/9963] 45.6s elapsed, ~309s remaining
  [1536/9963] 53.1s elapsed, ~291s remaining
  [1792/9963] 59.5s elapsed, ~272s remaining
  [2048/9963] 66.1s elapsed, ~255s remaining
  [2304/9963] 72.2s elapsed, ~240s remaining
  [2560/9963] 82.6s elapsed, ~239s remaining
  [2816/9963] 144.0s elapsed, ~365s remaining
  [3072/9963] 158.2s elapsed, ~355s remaining
  [3328/9963] 175.4s elapsed, ~350s remaining
  [3584/9963] 184.0s elapsed, ~328s remaining
  [3840/9963] 203.2s elapsed, ~324s remaining
  [4096/9963] 228.6s elapsed, ~327s remaining
  [4352/9963] 237.2s elapsed, ~306s remaining
  [4608/9963] 249.0s elapsed, ~289s remaining
  [4864/9963] 256.6s elapsed, ~269s remaining
  [5120/9963] 266.3s elapsed, ~252s remaining
  [5376/9963] 272.9s elapsed, ~233s remaining
  [5632/9963] 280.4s elapsed, ~216s remaining
  [5888/9963] 307.9s elapsed, ~213s remaining
  [6144/9963] 316.4s elapsed, ~197s remaining
  [6400/9963] 328.4s elapsed, ~183s remaining
  [6656/9963] 337.1s elapsed, ~167s remaining
  [6912/9963] 348.4s elapsed, ~154s remaining
  [7168/9963] 358.6s elapsed, ~140s remaining
  [7424/9963] 364.3s elapsed, ~125s remaining
  [7680/9963] 369.1s elapsed, ~110s remaining
  [7936/9963] 377.0s elapsed, ~96s remaining
  [8192/9963] 385.1s elapsed, ~83s remaining
  [8448/9963] 391.0s elapsed, ~70s remaining
  [8704/9963] 397.2s elapsed, ~57s remaining
  [8960/9963] 403.3s elapsed, ~45s remaining
  [9216/9963] 408.4s elapsed, ~33s remaining
  [9472/9963] 415.5s elapsed, ~22s remaining
  [9728/9963] 421.3s elapsed, ~10s remaining
  [9963/9963] 428.1s elapsed, ~0s remaining

  Embedding complete in 428.3s (7.1 min)
  Matrix shape: (9963, 384)

[4/4] Building FAISS index and saving to disk...
  FAISS index saved: C:\Users\rdpj1\Desktop\hs code search engine\HS code search engine\backend\data\chroma_db\hs_codes.index (9963 vectors, dim=384)
  Metadata saved: C:\Users\rdpj1\Desktop\hs code search engine\HS code search engine\backend\data\chroma_db\hs_codes_metadata.json
  Descriptions saved: C:\Users\rdpj1\Desktop\hs code search engine\HS code search engine\backend\data\chroma_db\hs_codes_descriptions.json

============================================================
Embedding complete!
  Total time: 432.1s (7.2 min)
  Vectors in index: 9963
  Dimension: 384
  Files saved to: C:\Users\rdpj1\Desktop\hs code search engine\HS code search engine\backend\data\chroma_db

The embeddings are persisted to disk. You can now start the API server.
Re-running this script will skip embedding if the index exists.
============================================================
